[1] "/lustre09/project/6088829/R_libs/4.4.0"                                                                 
[2] "/cvmfs/soft.computecanada.ca/easybuild/software/2023/x86-64-v4/Compiler/gcccore/r/4.4.0/lib64/R/library"
Loading required package: SummarizedExperiment
Loading required package: MatrixGenerics
Loading required package: matrixStats

Attaching package: ‘MatrixGenerics’

The following objects are masked from ‘package:matrixStats’:

    colAlls, colAnyNAs, colAnys, colAvgsPerRowSet, colCollapse,
    colCounts, colCummaxs, colCummins, colCumprods, colCumsums,
    colDiffs, colIQRDiffs, colIQRs, colLogSumExps, colMadDiffs,
    colMads, colMaxs, colMeans2, colMedians, colMins, colOrderStats,
    colProds, colQuantiles, colRanges, colRanks, colSdDiffs, colSds,
    colSums2, colTabulates, colVarDiffs, colVars, colWeightedMads,
    colWeightedMeans, colWeightedMedians, colWeightedSds,
    colWeightedVars, rowAlls, rowAnyNAs, rowAnys, rowAvgsPerColSet,
    rowCollapse, rowCounts, rowCummaxs, rowCummins, rowCumprods,
    rowCumsums, rowDiffs, rowIQRDiffs, rowIQRs, rowLogSumExps,
    rowMadDiffs, rowMads, rowMaxs, rowMeans2, rowMedians, rowMins,
    rowOrderStats, rowProds, rowQuantiles, rowRanges, rowRanks,
    rowSdDiffs, rowSds, rowSums2, rowTabulates, rowVarDiffs, rowVars,
    rowWeightedMads, rowWeightedMeans, rowWeightedMedians,
    rowWeightedSds, rowWeightedVars

Loading required package: GenomicRanges
Loading required package: stats4
Loading required package: BiocGenerics

Attaching package: ‘BiocGenerics’

The following objects are masked from ‘package:stats’:

    IQR, mad, sd, var, xtabs

The following objects are masked from ‘package:base’:

    anyDuplicated, aperm, append, as.data.frame, basename, cbind,
    colnames, dirname, do.call, duplicated, eval, evalq, Filter, Find,
    get, grep, grepl, intersect, is.unsorted, lapply, Map, mapply,
    match, mget, order, paste, pmax, pmax.int, pmin, pmin.int,
    Position, rank, rbind, Reduce, rownames, sapply, saveRDS, setdiff,
    table, tapply, union, unique, unsplit, which.max, which.min

Loading required package: S4Vectors

Attaching package: ‘S4Vectors’

The following object is masked from ‘package:utils’:

    findMatches

The following objects are masked from ‘package:base’:

    expand.grid, I, unname

Loading required package: IRanges
Loading required package: GenomeInfoDb
Loading required package: Biobase
Welcome to Bioconductor

    Vignettes contain introductory material; view with
    'browseVignettes()'. To cite Bioconductor, see
    'citation("Biobase")', and for packages 'citation("pkgname")'.


Attaching package: ‘Biobase’

The following object is masked from ‘package:MatrixGenerics’:

    rowMedians

The following objects are masked from ‘package:matrixStats’:

    anyMissing, rowMedians

Loading required package: SeuratObject
Loading required package: sp

Attaching package: ‘sp’

The following object is masked from ‘package:IRanges’:

    %over%


Attaching package: ‘SeuratObject’

The following object is masked from ‘package:SummarizedExperiment’:

    Assays

The following object is masked from ‘package:GenomicRanges’:

    intersect

The following object is masked from ‘package:GenomeInfoDb’:

    intersect

The following object is masked from ‘package:IRanges’:

    intersect

The following object is masked from ‘package:S4Vectors’:

    intersect

The following object is masked from ‘package:BiocGenerics’:

    intersect

The following objects are masked from ‘package:base’:

    intersect, t


Attaching package: ‘Seurat’

The following object is masked from ‘package:SummarizedExperiment’:

    Assays


Attaching package: ‘dplyr’

The following object is masked from ‘package:Biobase’:

    combine

The following objects are masked from ‘package:GenomicRanges’:

    intersect, setdiff, union

The following object is masked from ‘package:GenomeInfoDb’:

    intersect

The following objects are masked from ‘package:IRanges’:

    collapse, desc, intersect, setdiff, slice, union

The following objects are masked from ‘package:S4Vectors’:

    first, intersect, rename, setdiff, setequal, union

The following objects are masked from ‘package:BiocGenerics’:

    combine, intersect, setdiff, union

The following object is masked from ‘package:matrixStats’:

    count

The following objects are masked from ‘package:stats’:

    filter, lag

The following objects are masked from ‘package:base’:

    intersect, setdiff, setequal, union

2026/06/29 22:18:33 extracting matrix, clusters, and projections
2026/06/29 22:18:47 selected assay: SCT
2026/06/29 22:18:47 selected clusters: active_cluster orig.ident sample condition clone SCT_snn_res.0.8 seurat_clusters DoubletFinder_DropletType genotype replicate tech_rep Phase cluster_id origin cell_type
2026/06/29 22:18:47 selected projections: umap
2026/06/29 22:18:47 validating count matrix
2026/06/29 22:18:58 validating clusters
2026/06/29 22:18:58 validating projections
2026/06/29 22:18:58 creating temporary hdf5 file: /tmp/Rtmp5Iud8e/file3f1f24403e2cda.h5
2026/06/29 22:21:01 invoking louper executable
2026/06/29 22:21:01 running command: "/home/ssaab/.local/share/R/loupeR/louper create --input='/tmp/Rtmp5Iud8e/file3f1f24403e2cda.h5' --output='/lustre10/scratch/ssaab/data/loupe_from_seurat_no_labels.cloupe' --force"
2026/06/29 22:21:01 validating input file: /tmp/Rtmp5Iud8e/file3f1f24403e2cda.h5
2026/06/29 22:21:05 initializing loupe file: /tmp/3372313570.cloupe
2026/06/29 22:21:05 converting count matrix
2026/06/29 22:44:31 converting projections
2026/06/29 22:44:32 converting clusters
2026/06/29 22:44:32 finished loupe file: /tmp/3372313570.cloupe
2026/06/29 22:44:32 copying loupe file to: /lustre10/scratch/ssaab/data/loupe_from_seurat_no_labels.cloupe
2026/06/29 22:45:07 extracting matrix, clusters, and projections
2026/06/29 22:45:25 selected assay: SCT
2026/06/29 22:45:25 selected clusters: active_cluster orig.ident sample condition clone SCT_snn_res.0.8 seurat_clusters DoubletFinder_DropletType genotype replicate tech_rep Phase cluster_id origin cell_type singleR_labels
2026/06/29 22:45:25 selected projections: umap
2026/06/29 22:45:25 validating count matrix
2026/06/29 22:45:39 validating clusters
2026/06/29 22:45:39 validating projections
2026/06/29 22:45:39 creating temporary hdf5 file: /tmp/Rtmp5Iud8e/file3f1f245f586501.h5
2026/06/29 22:47:45 invoking louper executable
2026/06/29 22:47:45 running command: "/home/ssaab/.local/share/R/loupeR/louper create --input='/tmp/Rtmp5Iud8e/file3f1f245f586501.h5' --output='/home/ssaab/links/scratch/data//loupe_from_seurat_labeled.cloupe'"
2026/06/29 22:47:45 validating input file: /tmp/Rtmp5Iud8e/file3f1f245f586501.h5
2026/06/29 22:47:50 initializing loupe file: /tmp/304858015.cloupe
2026/06/29 22:47:50 converting count matrix
2026/06/29 23:11:15 converting projections
2026/06/29 23:11:15 converting clusters
2026/06/29 23:11:16 finished loupe file: /tmp/304858015.cloupe
2026/06/29 23:11:16 copying loupe file to: /home/ssaab/links/scratch/data//loupe_from_seurat_labeled.cloupe
