[1] "/lustre09/project/6088829/R_libs/4.4.0"                                                                 
[2] "/cvmfs/soft.computecanada.ca/easybuild/software/2023/x86-64-v4/Compiler/gcccore/r/4.4.0/lib64/R/library"
Loading required package: SummarizedExperiment
Loading required package: MatrixGenerics
Loading required package: matrixStats

Attaching package: ‘MatrixGenerics’

The following objects are masked from ‘package:matrixStats’:

    colAlls, colAnyNAs, colAnys, colAvgsPerRowSet, colCollapse,
    colCounts, colCummaxs, colCummins, colCumprods, colCumsums,
    colDiffs, colIQRDiffs, colIQRs, colLogSumExps, colMadDiffs,
    colMads, colMaxs, colMeans2, colMedians, colMins, colOrderStats,
    colProds, colQuantiles, colRanges, colRanks, colSdDiffs, colSds,
    colSums2, colTabulates, colVarDiffs, colVars, colWeightedMads,
    colWeightedMeans, colWeightedMedians, colWeightedSds,
    colWeightedVars, rowAlls, rowAnyNAs, rowAnys, rowAvgsPerColSet,
    rowCollapse, rowCounts, rowCummaxs, rowCummins, rowCumprods,
    rowCumsums, rowDiffs, rowIQRDiffs, rowIQRs, rowLogSumExps,
    rowMadDiffs, rowMads, rowMaxs, rowMeans2, rowMedians, rowMins,
    rowOrderStats, rowProds, rowQuantiles, rowRanges, rowRanks,
    rowSdDiffs, rowSds, rowSums2, rowTabulates, rowVarDiffs, rowVars,
    rowWeightedMads, rowWeightedMeans, rowWeightedMedians,
    rowWeightedSds, rowWeightedVars

Loading required package: GenomicRanges
Loading required package: stats4
Loading required package: BiocGenerics

Attaching package: ‘BiocGenerics’

The following objects are masked from ‘package:stats’:

    IQR, mad, sd, var, xtabs

The following objects are masked from ‘package:base’:

    anyDuplicated, aperm, append, as.data.frame, basename, cbind,
    colnames, dirname, do.call, duplicated, eval, evalq, Filter, Find,
    get, grep, grepl, intersect, is.unsorted, lapply, Map, mapply,
    match, mget, order, paste, pmax, pmax.int, pmin, pmin.int,
    Position, rank, rbind, Reduce, rownames, sapply, saveRDS, setdiff,
    table, tapply, union, unique, unsplit, which.max, which.min

Loading required package: S4Vectors

Attaching package: ‘S4Vectors’

The following object is masked from ‘package:utils’:

    findMatches

The following objects are masked from ‘package:base’:

    expand.grid, I, unname

Loading required package: IRanges
Loading required package: GenomeInfoDb
Loading required package: Biobase
Welcome to Bioconductor

    Vignettes contain introductory material; view with
    'browseVignettes()'. To cite Bioconductor, see
    'citation("Biobase")', and for packages 'citation("pkgname")'.


Attaching package: ‘Biobase’

The following object is masked from ‘package:MatrixGenerics’:

    rowMedians

The following objects are masked from ‘package:matrixStats’:

    anyMissing, rowMedians

Loading required package: SeuratObject
Loading required package: sp

Attaching package: ‘sp’

The following object is masked from ‘package:IRanges’:

    %over%


Attaching package: ‘SeuratObject’

The following object is masked from ‘package:SummarizedExperiment’:

    Assays

The following object is masked from ‘package:GenomicRanges’:

    intersect

The following object is masked from ‘package:GenomeInfoDb’:

    intersect

The following object is masked from ‘package:IRanges’:

    intersect

The following object is masked from ‘package:S4Vectors’:

    intersect

The following object is masked from ‘package:BiocGenerics’:

    intersect

The following objects are masked from ‘package:base’:

    intersect, t


Attaching package: ‘Seurat’

The following object is masked from ‘package:SummarizedExperiment’:

    Assays

Using 16 cores...
DataFrame with 6 rows and 1 column
                                 label.main
                                   <factor>
ext_cell_243799 Erythroid                  
ext_cell_34141  Erythroid                  
cell_106151     ExE ectoderm               
ext_cell_183738 Branchial arch neural crest
ext_cell_213944 Mesenchyme                 
ext_cell_91155  Sclerotome                 
[1] "Erythroid"                   "Erythroid"                  
[3] "ExE ectoderm"                "Branchial arch neural crest"
[5] "Mesenchyme"                  "Sclerotome"                 
[1] TRUE
             used    (Mb) gc trigger    (Mb)   max used    (Mb)
Ncells    9000568   480.7   14202755   758.6   14202755   758.6
Vcells 2391744315 18247.6 5216859194 39801.5 4776838344 36444.4
Error in setAutoBPPARAM(BPPARAM) : 
  'BPPARAM' must be a BiocParallelParam object from the BiocParallel
  package
Calls: SingleR -> .to_clean_matrix -> setAutoBPPARAM
Execution halted
