[1] "/lustre09/project/6088829/R_libs/4.4.0"                                                                 
[2] "/cvmfs/soft.computecanada.ca/easybuild/software/2023/x86-64-v4/Compiler/gcccore/r/4.4.0/lib64/R/library"
Loading required package: SummarizedExperiment
Loading required package: MatrixGenerics
Loading required package: matrixStats

Attaching package: ‘MatrixGenerics’

The following objects are masked from ‘package:matrixStats’:

    colAlls, colAnyNAs, colAnys, colAvgsPerRowSet, colCollapse,
    colCounts, colCummaxs, colCummins, colCumprods, colCumsums,
    colDiffs, colIQRDiffs, colIQRs, colLogSumExps, colMadDiffs,
    colMads, colMaxs, colMeans2, colMedians, colMins, colOrderStats,
    colProds, colQuantiles, colRanges, colRanks, colSdDiffs, colSds,
    colSums2, colTabulates, colVarDiffs, colVars, colWeightedMads,
    colWeightedMeans, colWeightedMedians, colWeightedSds,
    colWeightedVars, rowAlls, rowAnyNAs, rowAnys, rowAvgsPerColSet,
    rowCollapse, rowCounts, rowCummaxs, rowCummins, rowCumprods,
    rowCumsums, rowDiffs, rowIQRDiffs, rowIQRs, rowLogSumExps,
    rowMadDiffs, rowMads, rowMaxs, rowMeans2, rowMedians, rowMins,
    rowOrderStats, rowProds, rowQuantiles, rowRanges, rowRanks,
    rowSdDiffs, rowSds, rowSums2, rowTabulates, rowVarDiffs, rowVars,
    rowWeightedMads, rowWeightedMeans, rowWeightedMedians,
    rowWeightedSds, rowWeightedVars

Loading required package: GenomicRanges
Loading required package: stats4
Loading required package: BiocGenerics

Attaching package: ‘BiocGenerics’

The following objects are masked from ‘package:stats’:

    IQR, mad, sd, var, xtabs

The following objects are masked from ‘package:base’:

    anyDuplicated, aperm, append, as.data.frame, basename, cbind,
    colnames, dirname, do.call, duplicated, eval, evalq, Filter, Find,
    get, grep, grepl, intersect, is.unsorted, lapply, Map, mapply,
    match, mget, order, paste, pmax, pmax.int, pmin, pmin.int,
    Position, rank, rbind, Reduce, rownames, sapply, saveRDS, setdiff,
    table, tapply, union, unique, unsplit, which.max, which.min

Loading required package: S4Vectors

Attaching package: ‘S4Vectors’

The following object is masked from ‘package:utils’:

    findMatches

The following objects are masked from ‘package:base’:

    expand.grid, I, unname

Loading required package: IRanges
Loading required package: GenomeInfoDb
Loading required package: Biobase
Welcome to Bioconductor

    Vignettes contain introductory material; view with
    'browseVignettes()'. To cite Bioconductor, see
    'citation("Biobase")', and for packages 'citation("pkgname")'.


Attaching package: ‘Biobase’

The following object is masked from ‘package:MatrixGenerics’:

    rowMedians

The following objects are masked from ‘package:matrixStats’:

    anyMissing, rowMedians

Loading required package: SeuratObject
Loading required package: sp

Attaching package: ‘sp’

The following object is masked from ‘package:IRanges’:

    %over%


Attaching package: ‘SeuratObject’

The following object is masked from ‘package:SummarizedExperiment’:

    Assays

The following object is masked from ‘package:GenomicRanges’:

    intersect

The following object is masked from ‘package:GenomeInfoDb’:

    intersect

The following object is masked from ‘package:IRanges’:

    intersect

The following object is masked from ‘package:S4Vectors’:

    intersect

The following object is masked from ‘package:BiocGenerics’:

    intersect

The following objects are masked from ‘package:base’:

    intersect, t


Attaching package: ‘Seurat’

The following object is masked from ‘package:SummarizedExperiment’:

    Assays

Using 16 cores...
DataFrame with 6 rows and 1 column
                                 label.main
                                   <factor>
ext_cell_243799 Erythroid                  
ext_cell_34141  Erythroid                  
cell_106151     ExE ectoderm               
ext_cell_183738 Branchial arch neural crest
ext_cell_213944 Mesenchyme                 
ext_cell_91155  Sclerotome                 
[1] "Erythroid"                   "Erythroid"                  
[3] "ExE ectoderm"                "Branchial arch neural crest"
[5] "Mesenchyme"                  "Sclerotome"                 
[1] TRUE
             used    (Mb)  gc trigger     (Mb)    max used    (Mb)
Ncells    9158495   489.2    14202755    758.6    14202755   758.6
Vcells 8191593810 62497.0 13127872324 100157.8 10583236883 80743.7
DataFrame with 6 rows and 4 columns
                                                                      scores
                                                                    <matrix>
WT_REP1_WT_REP1_1A_TAAGGTTCATCCTTGGAGTAGGCT-1 0.153734:0.125884:0.235554:...
WT_REP1_WT_REP1_1A_CCAGCTAGTCAAAGGCAGTAGGCT-1 0.205088:0.196923:0.250056:...
WT_REP1_WT_REP1_1A_TAACCGTGTAAGTCGAAGTAGGCT-1 0.158466:0.133842:0.235116:...
WT_REP1_WT_REP1_1A_ATCAGCACAAGATAAGAGTAGGCT-1 0.164049:0.131969:0.267601:...
WT_REP1_WT_REP1_1A_AGCGAACGTCAGTGCCAGTAGGCT-1 0.185244:0.179895:0.262389:...
WT_REP1_WT_REP1_1A_CATGCTGGTGGTTAAGAGTAGGCT-1 0.156845:0.125255:0.293105:...
                                                    labels delta.next
                                               <character>  <numeric>
WT_REP1_WT_REP1_1A_TAAGGTTCATCCTTGGAGTAGGCT-1 ExE ectoderm  0.0660331
WT_REP1_WT_REP1_1A_CCAGCTAGTCAAAGGCAGTAGGCT-1     Epiblast  0.1537378
WT_REP1_WT_REP1_1A_TAACCGTGTAAGTCGAAGTAGGCT-1 ExE ectoderm  0.0958183
WT_REP1_WT_REP1_1A_ATCAGCACAAGATAAGAGTAGGCT-1 ExE ectoderm  0.0708716
WT_REP1_WT_REP1_1A_AGCGAACGTCAGTGCCAGTAGGCT-1 ExE ectoderm  0.1378183
WT_REP1_WT_REP1_1A_CATGCTGGTGGTTAAGAGTAGGCT-1 ExE ectoderm  0.0585772
                                              pruned.labels
                                                <character>
WT_REP1_WT_REP1_1A_TAAGGTTCATCCTTGGAGTAGGCT-1  ExE ectoderm
WT_REP1_WT_REP1_1A_CCAGCTAGTCAAAGGCAGTAGGCT-1      Epiblast
WT_REP1_WT_REP1_1A_TAACCGTGTAAGTCGAAGTAGGCT-1  ExE ectoderm
WT_REP1_WT_REP1_1A_ATCAGCACAAGATAAGAGTAGGCT-1  ExE ectoderm
WT_REP1_WT_REP1_1A_AGCGAACGTCAGTGCCAGTAGGCT-1  ExE ectoderm
WT_REP1_WT_REP1_1A_CATGCTGGTGGTTAAGAGTAGGCT-1  ExE ectoderm
DataFrame with 162529 rows and 4 columns
                                                                                  scores
                                                                                <matrix>
WT_REP1_WT_REP1_1A_TAAGGTTCATCCTTGGAGTAGGCT-1             0.153734:0.125884:0.235554:...
WT_REP1_WT_REP1_1A_CCAGCTAGTCAAAGGCAGTAGGCT-1             0.205088:0.196923:0.250056:...
WT_REP1_WT_REP1_1A_TAACCGTGTAAGTCGAAGTAGGCT-1             0.158466:0.133842:0.235116:...
WT_REP1_WT_REP1_1A_ATCAGCACAAGATAAGAGTAGGCT-1             0.164049:0.131969:0.267601:...
WT_REP1_WT_REP1_1A_AGCGAACGTCAGTGCCAGTAGGCT-1             0.185244:0.179895:0.262389:...
...                                                                                  ...
p66ShcKO_REP4_p66ShcKO_REP4_2B_CAAATCCGTACTTACAAACGGGAA-1 0.218167:0.176194:0.254325:...
p66ShcKO_REP4_p66ShcKO_REP4_2B_TGTGCGCGTTCCGTGAAACGGGAA-1 0.229590:0.184392:0.264485:...
p66ShcKO_REP4_p66ShcKO_REP4_2B_GAGCATGTCCATAGAAAACGGGAA-1 0.212449:0.174409:0.250335:...
p66ShcKO_REP4_p66ShcKO_REP4_2B_CTTTGGATCGGTAAACAACGGGAA-1 0.229683:0.183060:0.263369:...
p66ShcKO_REP4_p66ShcKO_REP4_2B_GTCGATTGTCCTTATTAACGGGAA-1 0.220445:0.177391:0.259221:...
                                                                          labels
                                                                     <character>
WT_REP1_WT_REP1_1A_TAAGGTTCATCCTTGGAGTAGGCT-1                       ExE ectoderm
WT_REP1_WT_REP1_1A_CCAGCTAGTCAAAGGCAGTAGGCT-1                           Epiblast
WT_REP1_WT_REP1_1A_TAACCGTGTAAGTCGAAGTAGGCT-1                       ExE ectoderm
WT_REP1_WT_REP1_1A_ATCAGCACAAGATAAGAGTAGGCT-1                       ExE ectoderm
WT_REP1_WT_REP1_1A_AGCGAACGTCAGTGCCAGTAGGCT-1                       ExE ectoderm
...                                                                          ...
p66ShcKO_REP4_p66ShcKO_REP4_2B_CAAATCCGTACTTACAAACGGGAA-1  Hindbrain floor plate
p66ShcKO_REP4_p66ShcKO_REP4_2B_TGTGCGCGTTCCGTGAAACGGGAA-1 Ventral hindbrain pr..
p66ShcKO_REP4_p66ShcKO_REP4_2B_GAGCATGTCCATAGAAAACGGGAA-1  Hindbrain floor plate
p66ShcKO_REP4_p66ShcKO_REP4_2B_CTTTGGATCGGTAAACAACGGGAA-1  Hindbrain floor plate
p66ShcKO_REP4_p66ShcKO_REP4_2B_GTCGATTGTCCTTATTAACGGGAA-1 Ventral hindbrain pr..
                                                          delta.next
                                                           <numeric>
WT_REP1_WT_REP1_1A_TAAGGTTCATCCTTGGAGTAGGCT-1              0.0660331
WT_REP1_WT_REP1_1A_CCAGCTAGTCAAAGGCAGTAGGCT-1              0.1537378
WT_REP1_WT_REP1_1A_TAACCGTGTAAGTCGAAGTAGGCT-1              0.0958183
WT_REP1_WT_REP1_1A_ATCAGCACAAGATAAGAGTAGGCT-1              0.0708716
WT_REP1_WT_REP1_1A_AGCGAACGTCAGTGCCAGTAGGCT-1              0.1378183
...                                                              ...
p66ShcKO_REP4_p66ShcKO_REP4_2B_CAAATCCGTACTTACAAACGGGAA-1 0.00919901
p66ShcKO_REP4_p66ShcKO_REP4_2B_TGTGCGCGTTCCGTGAAACGGGAA-1 0.02673046
p66ShcKO_REP4_p66ShcKO_REP4_2B_GAGCATGTCCATAGAAAACGGGAA-1 0.00148368
p66ShcKO_REP4_p66ShcKO_REP4_2B_CTTTGGATCGGTAAACAACGGGAA-1 0.06088682
p66ShcKO_REP4_p66ShcKO_REP4_2B_GTCGATTGTCCTTATTAACGGGAA-1 0.00101055
                                                                   pruned.labels
                                                                     <character>
WT_REP1_WT_REP1_1A_TAAGGTTCATCCTTGGAGTAGGCT-1                       ExE ectoderm
WT_REP1_WT_REP1_1A_CCAGCTAGTCAAAGGCAGTAGGCT-1                           Epiblast
WT_REP1_WT_REP1_1A_TAACCGTGTAAGTCGAAGTAGGCT-1                       ExE ectoderm
WT_REP1_WT_REP1_1A_ATCAGCACAAGATAAGAGTAGGCT-1                       ExE ectoderm
WT_REP1_WT_REP1_1A_AGCGAACGTCAGTGCCAGTAGGCT-1                       ExE ectoderm
...                                                                          ...
p66ShcKO_REP4_p66ShcKO_REP4_2B_CAAATCCGTACTTACAAACGGGAA-1  Hindbrain floor plate
p66ShcKO_REP4_p66ShcKO_REP4_2B_TGTGCGCGTTCCGTGAAACGGGAA-1 Ventral hindbrain pr..
p66ShcKO_REP4_p66ShcKO_REP4_2B_GAGCATGTCCATAGAAAACGGGAA-1  Hindbrain floor plate
p66ShcKO_REP4_p66ShcKO_REP4_2B_CTTTGGATCGGTAAACAACGGGAA-1  Hindbrain floor plate
p66ShcKO_REP4_p66ShcKO_REP4_2B_GTCGATTGTCCTTATTAACGGGAA-1 Ventral hindbrain pr..
SingleR job done