[1] "/lustre09/project/6088829/R_libs/4.4.0"                                                                 
[2] "/cvmfs/soft.computecanada.ca/easybuild/software/2023/x86-64-v4/Compiler/gcccore/r/4.4.0/lib64/R/library"
Loading required package: SummarizedExperiment
Loading required package: MatrixGenerics
Loading required package: matrixStats

Attaching package: ‘MatrixGenerics’

The following objects are masked from ‘package:matrixStats’:

    colAlls, colAnyNAs, colAnys, colAvgsPerRowSet, colCollapse,
    colCounts, colCummaxs, colCummins, colCumprods, colCumsums,
    colDiffs, colIQRDiffs, colIQRs, colLogSumExps, colMadDiffs,
    colMads, colMaxs, colMeans2, colMedians, colMins, colOrderStats,
    colProds, colQuantiles, colRanges, colRanks, colSdDiffs, colSds,
    colSums2, colTabulates, colVarDiffs, colVars, colWeightedMads,
    colWeightedMeans, colWeightedMedians, colWeightedSds,
    colWeightedVars, rowAlls, rowAnyNAs, rowAnys, rowAvgsPerColSet,
    rowCollapse, rowCounts, rowCummaxs, rowCummins, rowCumprods,
    rowCumsums, rowDiffs, rowIQRDiffs, rowIQRs, rowLogSumExps,
    rowMadDiffs, rowMads, rowMaxs, rowMeans2, rowMedians, rowMins,
    rowOrderStats, rowProds, rowQuantiles, rowRanges, rowRanks,
    rowSdDiffs, rowSds, rowSums2, rowTabulates, rowVarDiffs, rowVars,
    rowWeightedMads, rowWeightedMeans, rowWeightedMedians,
    rowWeightedSds, rowWeightedVars

Loading required package: GenomicRanges
Loading required package: stats4
Loading required package: BiocGenerics

Attaching package: ‘BiocGenerics’

The following objects are masked from ‘package:stats’:

    IQR, mad, sd, var, xtabs

The following objects are masked from ‘package:base’:

    anyDuplicated, aperm, append, as.data.frame, basename, cbind,
    colnames, dirname, do.call, duplicated, eval, evalq, Filter, Find,
    get, grep, grepl, intersect, is.unsorted, lapply, Map, mapply,
    match, mget, order, paste, pmax, pmax.int, pmin, pmin.int,
    Position, rank, rbind, Reduce, rownames, sapply, saveRDS, setdiff,
    table, tapply, union, unique, unsplit, which.max, which.min

Loading required package: S4Vectors

Attaching package: ‘S4Vectors’

The following object is masked from ‘package:utils’:

    findMatches

The following objects are masked from ‘package:base’:

    expand.grid, I, unname

Loading required package: IRanges
Loading required package: GenomeInfoDb
Loading required package: Biobase
Welcome to Bioconductor

    Vignettes contain introductory material; view with
    'browseVignettes()'. To cite Bioconductor, see
    'citation("Biobase")', and for packages 'citation("pkgname")'.


Attaching package: ‘Biobase’

The following object is masked from ‘package:MatrixGenerics’:

    rowMedians

The following objects are masked from ‘package:matrixStats’:

    anyMissing, rowMedians

Loading required package: SeuratObject
Loading required package: sp

Attaching package: ‘sp’

The following object is masked from ‘package:IRanges’:

    %over%


Attaching package: ‘SeuratObject’

The following object is masked from ‘package:SummarizedExperiment’:

    Assays

The following object is masked from ‘package:GenomicRanges’:

    intersect

The following object is masked from ‘package:GenomeInfoDb’:

    intersect

The following object is masked from ‘package:IRanges’:

    intersect

The following object is masked from ‘package:S4Vectors’:

    intersect

The following object is masked from ‘package:BiocGenerics’:

    intersect

The following objects are masked from ‘package:base’:

    intersect, t


Attaching package: ‘Seurat’

The following object is masked from ‘package:SummarizedExperiment’:

    Assays

Using 16 cores...
DataFrame with 6 rows and 1 column
               label.main
                 <factor>
cell_19 ExE ectoderm     
cell_23 Epiblast         
cell_24 Visceral endoderm
cell_27 Epiblast         
cell_32 Epiblast         
cell_36 ExE ectoderm     
[1] "ExE ectoderm"      "Epiblast"          "Visceral endoderm"
[4] "Epiblast"          "Epiblast"          "ExE ectoderm"     
[1] TRUE
             used    (Mb)  gc trigger    (Mb)   max used    (Mb)
Ncells    9176402   490.1    14202755   758.6   14202755   758.6
Vcells 8614210144 65721.3 12371105973 94384.1 8624324499 65798.4
DataFrame with 6 rows and 4 columns
                                                                      scores
                                                                    <matrix>
WT_REP1_WT_REP1_1A_TAAGGTTCATCCTTGGAGTAGGCT-1 0.148895:0.122213:0.233478:...
WT_REP1_WT_REP1_1A_CCAGCTAGTCAAAGGCAGTAGGCT-1 0.203634:0.197000:0.247242:...
WT_REP1_WT_REP1_1A_TAACCGTGTAAGTCGAAGTAGGCT-1 0.156055:0.132306:0.232702:...
WT_REP1_WT_REP1_1A_ATCAGCACAAGATAAGAGTAGGCT-1 0.158734:0.128181:0.266463:...
WT_REP1_WT_REP1_1A_AGCGAACGTCAGTGCCAGTAGGCT-1 0.184858:0.179200:0.263066:...
WT_REP1_WT_REP1_1A_CATGCTGGTGGTTAAGAGTAGGCT-1 0.156842:0.127445:0.292146:...
                                                    labels delta.next
                                               <character>  <numeric>
WT_REP1_WT_REP1_1A_TAAGGTTCATCCTTGGAGTAGGCT-1 ExE ectoderm  0.0671364
WT_REP1_WT_REP1_1A_CCAGCTAGTCAAAGGCAGTAGGCT-1     Epiblast  0.1629828
WT_REP1_WT_REP1_1A_TAACCGTGTAAGTCGAAGTAGGCT-1 ExE ectoderm  0.0976008
WT_REP1_WT_REP1_1A_ATCAGCACAAGATAAGAGTAGGCT-1 ExE ectoderm  0.0693226
WT_REP1_WT_REP1_1A_AGCGAACGTCAGTGCCAGTAGGCT-1 ExE ectoderm  0.1360764
WT_REP1_WT_REP1_1A_CATGCTGGTGGTTAAGAGTAGGCT-1 ExE ectoderm  0.0633753
                                              pruned.labels
                                                <character>
WT_REP1_WT_REP1_1A_TAAGGTTCATCCTTGGAGTAGGCT-1  ExE ectoderm
WT_REP1_WT_REP1_1A_CCAGCTAGTCAAAGGCAGTAGGCT-1      Epiblast
WT_REP1_WT_REP1_1A_TAACCGTGTAAGTCGAAGTAGGCT-1  ExE ectoderm
WT_REP1_WT_REP1_1A_ATCAGCACAAGATAAGAGTAGGCT-1  ExE ectoderm
WT_REP1_WT_REP1_1A_AGCGAACGTCAGTGCCAGTAGGCT-1  ExE ectoderm
WT_REP1_WT_REP1_1A_CATGCTGGTGGTTAAGAGTAGGCT-1  ExE ectoderm
DataFrame with 162529 rows and 4 columns
                                                                                  scores
                                                                                <matrix>
WT_REP1_WT_REP1_1A_TAAGGTTCATCCTTGGAGTAGGCT-1             0.148895:0.122213:0.233478:...
WT_REP1_WT_REP1_1A_CCAGCTAGTCAAAGGCAGTAGGCT-1             0.203634:0.197000:0.247242:...
WT_REP1_WT_REP1_1A_TAACCGTGTAAGTCGAAGTAGGCT-1             0.156055:0.132306:0.232702:...
WT_REP1_WT_REP1_1A_ATCAGCACAAGATAAGAGTAGGCT-1             0.158734:0.128181:0.266463:...
WT_REP1_WT_REP1_1A_AGCGAACGTCAGTGCCAGTAGGCT-1             0.184858:0.179200:0.263066:...
...                                                                                  ...
p66ShcKO_REP4_p66ShcKO_REP4_2B_CAAATCCGTACTTACAAACGGGAA-1 0.226532:0.178605:0.263082:...
p66ShcKO_REP4_p66ShcKO_REP4_2B_TGTGCGCGTTCCGTGAAACGGGAA-1 0.235812:0.187881:0.271067:...
p66ShcKO_REP4_p66ShcKO_REP4_2B_GAGCATGTCCATAGAAAACGGGAA-1 0.221014:0.178518:0.259930:...
p66ShcKO_REP4_p66ShcKO_REP4_2B_CTTTGGATCGGTAAACAACGGGAA-1 0.234652:0.187133:0.272143:...
p66ShcKO_REP4_p66ShcKO_REP4_2B_GTCGATTGTCCTTATTAACGGGAA-1 0.228487:0.181768:0.268006:...
                                                                          labels
                                                                     <character>
WT_REP1_WT_REP1_1A_TAAGGTTCATCCTTGGAGTAGGCT-1                       ExE ectoderm
WT_REP1_WT_REP1_1A_CCAGCTAGTCAAAGGCAGTAGGCT-1                           Epiblast
WT_REP1_WT_REP1_1A_TAACCGTGTAAGTCGAAGTAGGCT-1                       ExE ectoderm
WT_REP1_WT_REP1_1A_ATCAGCACAAGATAAGAGTAGGCT-1                       ExE ectoderm
WT_REP1_WT_REP1_1A_AGCGAACGTCAGTGCCAGTAGGCT-1                       ExE ectoderm
...                                                                          ...
p66ShcKO_REP4_p66ShcKO_REP4_2B_CAAATCCGTACTTACAAACGGGAA-1 Ventral hindbrain pr..
p66ShcKO_REP4_p66ShcKO_REP4_2B_TGTGCGCGTTCCGTGAAACGGGAA-1 Ventral hindbrain pr..
p66ShcKO_REP4_p66ShcKO_REP4_2B_GAGCATGTCCATAGAAAACGGGAA-1 Ventral hindbrain pr..
p66ShcKO_REP4_p66ShcKO_REP4_2B_CTTTGGATCGGTAAACAACGGGAA-1 Ventral hindbrain pr..
p66ShcKO_REP4_p66ShcKO_REP4_2B_GTCGATTGTCCTTATTAACGGGAA-1 Ventral hindbrain pr..
                                                          delta.next
                                                           <numeric>
WT_REP1_WT_REP1_1A_TAAGGTTCATCCTTGGAGTAGGCT-1              0.0671364
WT_REP1_WT_REP1_1A_CCAGCTAGTCAAAGGCAGTAGGCT-1              0.1629828
WT_REP1_WT_REP1_1A_TAACCGTGTAAGTCGAAGTAGGCT-1              0.0976008
WT_REP1_WT_REP1_1A_ATCAGCACAAGATAAGAGTAGGCT-1              0.0693226
WT_REP1_WT_REP1_1A_AGCGAACGTCAGTGCCAGTAGGCT-1              0.1360764
...                                                              ...
p66ShcKO_REP4_p66ShcKO_REP4_2B_CAAATCCGTACTTACAAACGGGAA-1  0.0338410
p66ShcKO_REP4_p66ShcKO_REP4_2B_TGTGCGCGTTCCGTGAAACGGGAA-1  0.0369094
p66ShcKO_REP4_p66ShcKO_REP4_2B_GAGCATGTCCATAGAAAACGGGAA-1  0.0508740
p66ShcKO_REP4_p66ShcKO_REP4_2B_CTTTGGATCGGTAAACAACGGGAA-1  0.0236201
p66ShcKO_REP4_p66ShcKO_REP4_2B_GTCGATTGTCCTTATTAACGGGAA-1  0.0451448
                                                                   pruned.labels
                                                                     <character>
WT_REP1_WT_REP1_1A_TAAGGTTCATCCTTGGAGTAGGCT-1                       ExE ectoderm
WT_REP1_WT_REP1_1A_CCAGCTAGTCAAAGGCAGTAGGCT-1                           Epiblast
WT_REP1_WT_REP1_1A_TAACCGTGTAAGTCGAAGTAGGCT-1                       ExE ectoderm
WT_REP1_WT_REP1_1A_ATCAGCACAAGATAAGAGTAGGCT-1                       ExE ectoderm
WT_REP1_WT_REP1_1A_AGCGAACGTCAGTGCCAGTAGGCT-1                       ExE ectoderm
...                                                                          ...
p66ShcKO_REP4_p66ShcKO_REP4_2B_CAAATCCGTACTTACAAACGGGAA-1 Ventral hindbrain pr..
p66ShcKO_REP4_p66ShcKO_REP4_2B_TGTGCGCGTTCCGTGAAACGGGAA-1 Ventral hindbrain pr..
p66ShcKO_REP4_p66ShcKO_REP4_2B_GAGCATGTCCATAGAAAACGGGAA-1 Ventral hindbrain pr..
p66ShcKO_REP4_p66ShcKO_REP4_2B_CTTTGGATCGGTAAACAACGGGAA-1 Ventral hindbrain pr..
p66ShcKO_REP4_p66ShcKO_REP4_2B_GTCGATTGTCCTTATTAACGGGAA-1 Ventral hindbrain pr..
SingleR job done